\BOOKMARK [1][-]{chapter*.1}{\376\377\000L\036\335\000i\000\040\000n\000\363\000i\000\040\001\021\036\247\000u}{}% 1
\BOOKMARK [1][-]{chapter*.2}{\376\377\000N\000h\036\357\000n\000g\000\040\000k\000\355\000\040\000h\000i\036\307\000u}{}% 2
\BOOKMARK [0][-]{chapter.1}{\376\377\001\020\036\300\000\040\000T\000H\000I\000\040\000O\000L\000Y\000M\000P\000I\000C\000\040\000I\000R\000L\000A\000N\000D}{}% 3
\BOOKMARK [1][-]{section.1.1}{\376\377\000G\000i\036\333\000i\000\040\000t\000h\000i\036\307\000u\000\040\000I\000r\000l\000a\000n\000d}{chapter.1}% 4
\BOOKMARK [1][-]{section.1.2}{\376\377\000B\000\340\000i\000\040\000t\036\255\000p}{chapter.1}% 5
\BOOKMARK [1][-]{baitap.1.8}{\376\377\000L\036\335\000i\000\040\000g\000i\036\243\000i\000\040\000b\000\340\000i\000\040\000t\036\255\000p\000\040\000c\000h\001\260\001\241\000n\000g\000\040\0001}{chapter.1}% 6
\BOOKMARK [0][-]{chapter.2}{\376\377\000B\000\340\000i\000\040\000t\000o\000\341\000n\000\040\000t\036\353\000\040\000H\000\340\000n\000\040\000Q\000u\036\321\000c}{}% 7
\BOOKMARK [1][-]{section.2.1}{\376\377\000G\000i\036\333\000i\000\040\000t\000h\000i\036\307\000u}{chapter.2}% 8
\BOOKMARK [1][-]{section.2.2}{\376\377\000B\000\340\000i\000\040\000t\036\255\000p}{chapter.2}% 9
\BOOKMARK [1][-]{section.2.3}{\376\377\000L\036\335\000i\000\040\000g\000i\036\243\000i\000\040\000b\000\340\000i\000\040\000t\036\255\000p\000\040\000c\000h\001\260\001\241\000n\000g\000\040\0002}{chapter.2}% 10
\BOOKMARK [0][-]{chapter.3}{\376\377\001\020\036\301\000\040\000t\000h\000i\000\040\000o\000l\000y\000m\000p\000i\000c\000\040\000C\000a\000n\000a\000d\000a}{}% 11
\BOOKMARK [1][-]{section.3.1}{\376\377\000G\000i\036\333\000i\000\040\000t\000h\000i\036\307\000u}{chapter.3}% 12
\BOOKMARK [1][-]{section.3.2}{\376\377\000B\000\340\000i\000\040\000t\036\255\000p}{chapter.3}% 13
\BOOKMARK [1][-]{section.3.3}{\376\377\000L\036\335\000i\000\040\000g\000i\036\243\000i\000\040\000b\000\340\000i\000\040\000t\036\255\000p\000\040\000c\000h\001\260\001\241\000n\000g\000\040\0003}{chapter.3}% 14
\BOOKMARK [0][-]{chapter.4}{\376\377\000C\000\341\000c\000\040\000b\000\340\000i\000\040\000t\000o\000\341\000n\000\040\000R\000u\000m\000a\000n\000i\000a}{}% 15
\BOOKMARK [1][-]{section.4.1}{\376\377\000G\000i\036\333\000i\000\040\000t\000h\000i\036\307\000u}{chapter.4}% 16
\BOOKMARK [1][-]{section.4.2}{\376\377\000B\000\340\000i\000\040\000t\036\255\000p}{chapter.4}% 17
\BOOKMARK [1][-]{section.4.3}{\376\377\000L\036\335\000i\000\040\000g\000i\036\243\000i\000\040\000b\000\340\000i\000\040\000t\036\255\000p\000\040\000c\000h\001\260\001\241\000n\000g\000\040\0004}{chapter.4}% 18
\BOOKMARK [0][-]{chapter.5}{\376\377\000C\000\341\000c\000\040\000b\000\340\000i\000\040\000t\000o\000\341\000n\000\040\000T\000h\036\325\000\040\000N\000h\001\051\000\040\000K\036\363}{}% 19
\BOOKMARK [1][-]{section.5.1}{\376\377\000G\000i\036\333\000i\000\040\000t\000h\000i\036\307\000u\000\040\000p\000h\001\260\001\241\000n\000g\000\040\000p\000h\000\341\000p}{chapter.5}% 20
\BOOKMARK [1][-]{section.5.2}{\376\377\000B\000\340\000i\000\040\000t\036\255\000p}{chapter.5}% 21
\BOOKMARK [1][-]{section.5.3}{\376\377\000L\036\335\000i\000\040\000g\000i\036\243\000i\000\040\000b\000\340\000i\000\040\000t\036\255\000p\000\040\000c\000h\001\260\001\241\000n\000g\000\040\0005}{chapter.5}% 22
\BOOKMARK [1][-]{chapter*.4}{\376\377\000T\000\340\000i\000\040\000l\000i\036\307\000u\000\040\000t\000h\000a\000m\000\040\000k\000h\036\243\000o}{chapter.5}% 23
\BOOKMARK [1][-]{chapter*.4}{\376\377\000D\000a\000n\000h\000\040\000m\036\345\000c\000\040\000t\036\353\000\040\000k\000h\000\363\000a}{chapter.5}% 24
